[kaanumay.com/index.html]
[backblue.gif]
[fade.gif]
[index.html]
[kaanumay.com/assets/favicon.ico]
[kaanumay.com/assets/css/main.css]
[kaanumay.com/assets/css/noscript.css]
[kaanumay.com/assets/js/corruption.js]
[kaanumay.com/index.html]
[platform.twitter.com/widgets.js]
[kaanumay.com/assets/css/fontawesome-all.min.css]
[kaanumay.com/assets/css/images/bg.jpg]
[kaanumay.com/assets/css/images/overlay-pattern.png]
[kaanumay.com/assets/css/images/overlay.svg]
[kaanumay.com/assets/css/main.css]
[kaanumay.com/assets/css/corruption.css]
[kaanumay.com/assets/css/noscript.css]
[kaanumay.com/assets/webfonts/fa-brands-400.woff2]
[kaanumay.com/assets/webfonts/fa-brands-400.woff]
[kaanumay.com/assets/webfonts/fa-brands-400.eot]
[kaanumay.com/assets/webfonts/fa-brands-400.svg]
[kaanumay.com/assets/webfonts/fa-regular-400.eot]
[kaanumay.com/assets/webfonts/fa-regular-400d41d.eot]
[kaanumay.com/assets/webfonts/fa-regular-400.woff2]
[kaanumay.com/assets/webfonts/fa-regular-400.woff]
[kaanumay.com/assets/webfonts/fa-brands-400.ttf]
[kaanumay.com/assets/webfonts/fa-brands-400d41d.eot]
[kaanumay.com/assets/webfonts/fa-regular-400.svg]
[kaanumay.com/assets/webfonts/fa-solid-900.woff2]
[kaanumay.com/assets/webfonts/fa-regular-400.ttf]
[kaanumay.com/assets/webfonts/fa-solid-900.woff]
[kaanumay.com/assets/webfonts/fa-solid-900.eot]
[kaanumay.com/assets/webfonts/fa-solid-900.svg]
[kaanumay.com/assets/css/fontawesome-all.min.css]
[kaanumay.com/assets/webfonts/fa-solid-900d41d.eot]
[kaanumay.com/assets/webfonts/fa-solid-900.ttf]
[kaanumay.com/assets/css/images/overlay.svg]
[kaanumay.com/assets/webfonts/fa-brands-400.svg]
[kaanumay.com/assets/webfonts/fa-regular-400.svg]
[kaanumay.com/assets/webfonts/fa-solid-900.svg]
